Note: Starting dynamic gmin stepping
Note: Dynamic gmin stepping completed

Note: Compatibility modes selected: hs a


Circuit: ** sch_path: /home/nithin/eda/sky130_design_ips/otas/rail_to_rail_ota_inp_ip/single_ended/with_internal_bias/tb_rail_to_rail_ip_op_ota_int_bias_stb.sch

option SCALE: Scale is set to 1e-06 for instance and model parameters
option SCALE: Scale is set to 1e-06 for instance and model parameters
option SCALE: Scale is set to 1e-06 for instance and model parameters
option SCALE: Scale is set to 1e-06 for instance and model parameters
Doing analysis at TEMP = 27.000000 and TNOM = 27.000000

Using SPARSE 1.3 as Direct Linear Solver
 Reference value :  1.00000e+00all: no such command available in ngspice
Note: Starting dynamic gmin stepping
Note: Dynamic gmin stepping completed
all: no such command available in ngspice

No. of Data Rows : 161
binary raw file "OTA_STB_TB_”0”_ss.raw"
Doing analysis at TEMP = 27.000000 and TNOM = 27.000000

Using SPARSE 1.3 as Direct Linear Solver

No. of Data Rows : 161
binary raw file "OTA_STB_TB_”1”_ss.raw"
-------------------------------
-------------------------------
peak                =  1.50229e+03 at=  2.23872e+00

Error: measure  f1  when(WHEN) : out of interval
 meas ac f1 when vmag(mb)=1.062279e+03 rise=1 failed!

bw                  =  1.36685e+03
pm_deg              =  -9.48782e+01

Error: measure  loop_gain  find(AT) : out of interval
 meas ac loop_gain find vdb(mb) at=0.01 failed!

Note: Starting dynamic gmin stepping
Note: Dynamic gmin stepping completed
dominant_pole_f     =  2.05648e+06
gbw = 2.053401e+06
Doing analysis at TEMP = 27.000000 and TNOM = 27.000000

Using SPARSE 1.3 as Direct Linear Solver

No. of Data Rows : 1
Note: Simulation executed from .control section 
