Error opening osdi lib "/home/nithin/.ciel/sky130A/libs.tech/ngspice/osdi/psp103.osdi": No such file or directory!
Error: Library /home/nithin/.ciel/sky130A/libs.tech/ngspice/osdi/psp103.osdi couldn't be loaded!
Error opening osdi lib "/home/nithin/.ciel/sky130A/libs.tech/ngspice/osdi/psp103_nqs.osdi": No such file or directory!
Error: Library /home/nithin/.ciel/sky130A/libs.tech/ngspice/osdi/psp103_nqs.osdi couldn't be loaded!
Error opening osdi lib "/home/nithin/.ciel/sky130A/libs.tech/ngspice/osdi/r3_cmc.osdi": No such file or directory!
Error: Library /home/nithin/.ciel/sky130A/libs.tech/ngspice/osdi/r3_cmc.osdi couldn't be loaded!
Error opening osdi lib "/home/nithin/.ciel/sky130A/libs.tech/ngspice/osdi/mosvar.osdi": No such file or directory!
Error: Library /home/nithin/.ciel/sky130A/libs.tech/ngspice/osdi/mosvar.osdi couldn't be loaded!
Warning: OSDI libs have not been loaded successfully.
    Any of the following steps may fail, if Verilog A models are involved!.


Checking parameters for BSIM 4.5 model x1.x1.x0:nshort_model.40
Warning: Eta0 = -0.0328129 is negative.
Note: Starting dynamic gmin stepping
Note: Dynamic gmin stepping completed

Note: No compatibility mode selected!


Circuit: ** sch_path: /home/nithin/eda/skywater_design_ips/otas/rail_to_rail_ip_op_ota_stb.sch

Doing analysis at TEMP = 27.000000 and TNOM = 27.000000

Using SPARSE 1.3 as Direct Linear Solver
 Reference value :  1.00000e+00Warning from checkvalid: vector @c1[i] is not available or has zero length.
Error during 'write': no writable vector found.
all: no such command available in ngspice

Checking parameters for BSIM 4.5 model x1.x1.x0:nshort_model.40
Warning: Eta0 = -0.0328129 is negative.
Note: Starting dynamic gmin stepping
Note: Dynamic gmin stepping completed
Warning from checkvalid: vector @c1[i] is not available or has zero length.
Error during 'write': no writable vector found.
all: no such command available in ngspice

No. of Data Rows : 161
Doing analysis at TEMP = 27.000000 and TNOM = 27.000000

Using SPARSE 1.3 as Direct Linear Solver

No. of Data Rows : 161
-------------------------------
-------------------------------
peak                =  1.47805e+03 at=  2.23872e+00

Error: measure  f1  when(WHEN) : out of interval
 meas ac f1 when vmag(mb)=1.045140e+03 rise=1 failed!

bw                  =  1.33104e+03
pm_deg              =  -9.50902e+01

Error: measure  loop_gain  find(AT) : out of interval

Checking parameters for BSIM 4.5 model x1.x1.x0:nshort_model.40
Warning: Eta0 = -0.0328129 is negative.
Note: Starting dynamic gmin stepping
Note: Dynamic gmin stepping completed
dominant_pole_f     =  1.97060e+06
 meas ac loop_gain find vdb(mb) at=0.01 failed!

gbw = 1.967341e+06
Doing analysis at TEMP = 27.000000 and TNOM = 27.000000

Using SPARSE 1.3 as Direct Linear Solver

No. of Data Rows : 1
Note: Simulation executed from .control section 
