Error opening osdi lib "/home/nithin/.ciel/sky130A/libs.tech/ngspice/osdi/psp103.osdi": No such file or directory!
Error: Library /home/nithin/.ciel/sky130A/libs.tech/ngspice/osdi/psp103.osdi couldn't be loaded!
Error opening osdi lib "/home/nithin/.ciel/sky130A/libs.tech/ngspice/osdi/psp103_nqs.osdi": No such file or directory!
Error: Library /home/nithin/.ciel/sky130A/libs.tech/ngspice/osdi/psp103_nqs.osdi couldn't be loaded!
Error opening osdi lib "/home/nithin/.ciel/sky130A/libs.tech/ngspice/osdi/r3_cmc.osdi": No such file or directory!
Error: Library /home/nithin/.ciel/sky130A/libs.tech/ngspice/osdi/r3_cmc.osdi couldn't be loaded!
Error opening osdi lib "/home/nithin/.ciel/sky130A/libs.tech/ngspice/osdi/mosvar.osdi": No such file or directory!
Error: Library /home/nithin/.ciel/sky130A/libs.tech/ngspice/osdi/mosvar.osdi couldn't be loaded!
Warning: OSDI libs have not been loaded successfully.
    Any of the following steps may fail, if Verilog A models are involved!.


Checking parameters for BSIM 4.5 model x1.xmn_sw1:nshort_model.37
Warning: Eta0 = -0.00264136 is negative.
Note: Starting dynamic gmin stepping
Note: Dynamic gmin stepping completed

Note: No compatibility mode selected!


Circuit: ** sch_path: /home/nithin/eda/skywater_design_ips/otas/tb_rail_to_rail_ip_op_ota_dc_tran_psrr.sch

Doing analysis at TEMP = 27.000000 and TNOM = 27.000000

Using SPARSE 1.3 as Direct Linear Solver
 Reference value :  0.00000e+00
Checking parameters for BSIM 4.5 model x1.xmn_sw1:nshort_model.37
Warning: Eta0 = -0.00264136 is negative.
Note: Starting dynamic gmin stepping
Note: Dynamic gmin stepping completed

No. of Data Rows : 1
Doing analysis at TEMP = 27.000000 and TNOM = 27.000000

Using SPARSE 1.3 as Direct Linear Solver

No. of Data Rows : 241
Note: Simulation executed from .control section 
